src/stores/gameStore.ts(194,19): error TS2322: Type '{ player: any; worlds: Map<any, any>; currentWorldId: number; log: any[]; screen: "explore"; turnCount: number; initialized: false; combat: { active: false; phase: "player_turn"; log: any[]; enemyName: string; ... 4 more ...; turns: number; }; ... 52 more ...; finishActivity: () => void; }' is not assignable to type 'GameStore'.
  Type '{ player: any; worlds: Map<any, any>; currentWorldId: number; log: any[]; screen: "explore"; turnCount: number; initialized: false; combat: { active: false; phase: "player_turn"; log: any[]; enemyName: string; ... 4 more ...; turns: number; }; ... 52 more ...; finishActivity: () => void; }' is missing the following properties from type 'GameActions': logout, openCommunity, openProfile, refreshCommunity, and 20 more.
